docker : --progress is a global compose flag, better use `docker 
compose --progress xx build ...
At line:1 char:1
+ docker compose build --pull --progress=plain 2>&1 > 
build-output.txt; ...
+ ~~~~~~~~~~~~~~~~~~~~~~~~~~~~~~~~~~~~~~~~~~~~~~~~~~~~~~~~~~~~~~~~~
~~~
    + CategoryInfo          : NotSpecified: (--progress is a...ss  
   xx build ...:String) [], RemoteException
    + FullyQualifiedErrorId : NativeCommandError
 
time="2026-01-23T16:04:58+07:00" level=warning 
msg="E:\\webEventFaceFind-main\\api\\docker-compose.yml: the 
attribute `version` is obsolete, it will be ignored, please remove 
it to avoid potential confusion"
#1 [internal] load local bake definitions
#1 reading from stdin 983B done
#1 DONE 0.0s

#2 [api internal] load build definition from Dockerfile
#2 transferring dockerfile: 1.02kB done
#2 DONE 0.0s

#3 [ai-service internal] load build definition from Dockerfile
#3 transferring dockerfile: 710B done
#3 DONE 0.0s

#4 [api internal] load metadata for docker.io/library/node:20-bullseye-slim
#4 ...

#5 [ai-service internal] load metadata for docker.io/library/python:3.10-slim
#5 DONE 1.4s

#4 [api internal] load metadata for docker.io/library/node:20-bullseye-slim
#4 DONE 1.4s

#6 [ai-service internal] load .dockerignore
#6 transferring context: 2B done
#6 DONE 0.0s

#7 [api internal] load .dockerignore
#7 transferring context: 2B done
#7 DONE 0.0s

#8 [ai-service 1/7] FROM docker.io/library/python:3.10-slim@sha256:f5d029fe39146b08200bcc73595795ac19b85997ad0e5001a02c7c32e8769efa
#8 resolve docker.io/library/python:3.10-slim@sha256:f5d029fe39146b08200bcc73595795ac19b85997ad0e5001a02c7c32e8769efa 0.0s done
#8 DONE 0.0s

#9 [ai-service 2/7] WORKDIR /app
#9 CACHED

#10 [api builder  1/10] FROM docker.io/library/node:20-bullseye-slim@sha256:d6c3903e556d4161f63af4550e76244908b6668e1a7d2983eff4873a0c2b0413
#10 resolve docker.io/library/node:20-bullseye-slim@sha256:d6c3903e556d4161f63af4550e76244908b6668e1a7d2983eff4873a0c2b0413 0.0s done
#10 DONE 0.0s

#11 [api builder  2/10] WORKDIR /usr/src/app
#11 CACHED

#12 [ai-service internal] load build context
#12 transferring context: 94B 0.0s done
#12 DONE 0.0s

#13 [api internal] load build context
#13 transferring context: 2.85MB 1.4s done
#13 DONE 1.4s

#14 [api builder  3/10] RUN apt-get update &&     apt-get install -y --no-install-recommends build-essential python3 make g++ libvips-dev &&     rm -rf /var/lib/apt/lists/*
#14 0.466 Get:1 http://deb.debian.org/debian bullseye InRelease [75.1 kB]
#14 0.727 Get:2 http://deb.debian.org/debian-security bullseye-security InRelease [27.2 kB]
#14 0.775 Get:3 http://deb.debian.org/debian bullseye-updates InRelease [44.0 kB]
#14 0.888 Get:4 http://deb.debian.org/debian bullseye/main amd64 Packages [8066 kB]
#14 3.212 Get:5 http://deb.debian.org/debian-security bullseye-security/main amd64 Packages [440 kB]
#14 3.296 Get:6 http://deb.debian.org/debian bullseye-updates/main amd64 Packages [18.8 kB]
#14 3.968 Fetched 8672 kB in 4s (2413 kB/s)
#14 3.968 Reading package lists...
#14 4.400 Reading package lists...
#14 4.808 Building dependency tree...
#14 4.915 Reading state information...
#14 5.041 The following additional packages will be installed:
#14 5.041   autoconf automake autotools-dev binutils binutils-common
#14 5.041   binutils-x86-64-linux-gnu bzip2 cpp cpp-10 dpkg-dev fontconfig
#14 5.041   fontconfig-config fonts-dejavu-core g++-10 gcc gcc-10 gettext gettext-base
#14 5.041   gir1.2-freedesktop gir1.2-gdkpixbuf-2.0 gir1.2-glib-2.0 gir1.2-gsf-1
#14 5.041   gir1.2-harfbuzz-0.0 gir1.2-pango-1.0 gir1.2-poppler-0.18 gir1.2-rsvg-2.0
#14 5.041   gir1.2-vips-8.0 hdf5-helpers icu-devtools imagemagick-6-common libaec-dev
#14 5.041   libaec0 libaom-dev libaom0 libasan6 libatomic1 libbinutils libblkid-dev
#14 5.041   libbrotli-dev libbrotli1 libbsd0 libbz2-dev libc-dev-bin libc6-dev
#14 5.041   libcairo-gobject2 libcairo-script-interpreter2 libcairo2 libcairo2-dev
#14 5.041   libcc1-0 libcfitsio-dev libcfitsio9 libcrypt-dev libctf-nobfd0 libctf0
#14 5.041   libcurl3-gnutls libdatrie-dev libdatrie1 libdav1d-dev libdav1d4 libde265-0
#14 5.041   libde265-dev libdeflate-dev libdeflate0 libdjvulibre-dev libdjvulibre-text
#14 5.041   libdjvulibre21 libdpkg-perl libelf1 libexif-dev libexif12 libexpat1
#14 5.041   libexpat1-dev libffi-dev libfftw3-bin libfftw3-dev libfftw3-double3
#14 5.041   libfftw3-long3 libfftw3-quad3 libfftw3-single3 libfontconfig-dev
#14 5.041   libfontconfig1 libfontconfig1-dev libfreetype-dev libfreetype6
#14 5.041   libfreetype6-dev libfribidi-dev libfribidi0 libgcc-10-dev libgdbm-compat4
#14 5.041   libgdbm6 libgdk-pixbuf-2.0-0 libgdk-pixbuf-2.0-dev libgdk-pixbuf-xlib-2.0-0
#14 5.041   libgdk-pixbuf2.0-0 libgdk-pixbuf2.0-bin libgdk-pixbuf2.0-common libgfortran5
#14 5.041   libgif-dev libgif7 libgirepository-1.0-1 libglib2.0-0 libglib2.0-bin
#14 5.041   libglib2.0-data libglib2.0-dev libglib2.0-dev-bin libgomp1 libgraphite2-3
#14 5.041   libgraphite2-dev libgsf-1-114 libgsf-1-common libgsf-1-dev libharfbuzz-dev
#14 5.041   libharfbuzz-gobject0 libharfbuzz-icu0 libharfbuzz0b libhdf5-103-1
#14 5.041   libhdf5-cpp-103-1 libhdf5-dev libhdf5-fortran-102 libhdf5-hl-100
#14 5.041   libhdf5-hl-cpp-100 libhdf5-hl-fortran-100 libheif-dev libheif1 libice-dev
#14 5.041   libice6 libicu-dev libicu67 libilmbase-dev libilmbase25 libimagequant-dev
#14 5.041   libimagequant0 libisl23 libitm1 libjbig-dev libjbig0 libjpeg-dev
#14 5.041   libjpeg62-turbo libjpeg62-turbo-dev liblcms2-2 liblcms2-dev libldap-2.4-2
#14 5.041   liblqr-1-0 liblqr-1-0-dev liblsan0 libltdl-dev libltdl7 liblzma-dev
#14 5.041   liblzo2-2 libmagickcore-6-arch-config libmagickcore-6-headers
#14 5.041   libmagickcore-6.q16-6 libmagickcore-6.q16-6-extra libmagickcore-6.q16-dev
#14 5.041   libmagickcore-dev libmagickwand-6-headers libmagickwand-6.q16-6
#14 5.041   libmagickwand-6.q16-dev libmagickwand-dev libmatio-dev libmatio11 libmd0
#14 5.041   libmount-dev libmpc3 libmpdec3 libmpfr6 libncursesw6 libnghttp2-14
#14 5.041   libnsl-dev libnspr4 libnss3 libnuma1 libopenexr-dev libopenexr25
#14 5.041   libopenjp2-7 libopenjp2-7-dev libopenslide-dev libopenslide0 liborc-0.4-0
#14 5.041   liborc-0.4-dev liborc-0.4-dev-bin libpango-1.0-0 libpango1.0-dev
#14 5.041   libpangocairo-1.0-0 libpangoft2-1.0-0 libpangoxft-1.0-0 libpcre16-3
#14 5.041   libpcre2-16-0 libpcre2-32-0 libpcre2-dev libpcre2-posix2 libpcre3-dev
#14 5.041   libpcre32-3 libpcrecpp0v5 libperl5.32 libpixman-1-0 libpixman-1-dev
#14 5.041   libpng-dev libpng16-16 libpoppler-dev libpoppler-glib-dev libpoppler-glib8
#14 5.041   libpoppler102 libpsl5 libpthread-stubs0-dev libpython3-stdlib
#14 5.041   libpython3.9-minimal libpython3.9-stdlib libquadmath0 libreadline8
#14 5.041   librsvg2-2 librsvg2-common librsvg2-dev librtmp1 libsasl2-2
#14 5.041   libsasl2-modules-db libselinux1-dev libsepol1-dev libsigsegv2 libsm-dev
#14 5.041   libsm6 libsqlite3-0 libssh2-1 libstdc++-10-dev libsz2 libthai-data
#14 5.041   libthai-dev libthai0 libtiff-dev libtiff5 libtiffxx5 libtirpc-dev libtsan0
#14 5.041   libubsan1 libvips42 libwebp-dev libwebp6 libwebpdemux2 libwebpmux3
#14 5.041   libwmf-dev libwmf0.2-7 libx11-6 libx11-data libx11-dev libx265-192
#14 5.041   libx265-dev libxau-dev libxau6 libxcb-render0 libxcb-render0-dev libxcb-shm0
#14 5.041   libxcb-shm0-dev libxcb1 libxcb1-dev libxdmcp-dev libxdmcp6 libxext-dev
#14 5.041   libxext6 libxft-dev libxft2 libxml2 libxml2-dev libxrender-dev libxrender1
#14 5.041   libxt-dev libxt6 linux-libc-dev m4 media-types pango1.0-tools patch perl
#14 5.041   perl-modules-5.32 pkg-config python3-distutils python3-lib2to3
#14 5.041   python3-minimal python3.9 python3.9-minimal readline-common sensible-utils
#14 5.041   shared-mime-info ucf uuid-dev x11-common x11proto-dev x11proto-xext-dev
#14 5.041   xorg-sgml-doctools xtrans-dev xz-utils zlib1g-dev
#14 5.043 Suggested packages:
#14 5.043   autoconf-archive gnu-standards autoconf-doc libtool binutils-doc bzip2-doc
#14 5.043   cpp-doc gcc-10-locales debian-keyring g++-multilib g++-10-multilib
#14 5.043   gcc-10-doc gcc-multilib manpages-dev flex bison gdb gcc-doc gcc-10-multilib
#14 5.043   gettext-doc autopoint libasprintf-dev libgettextpo-dev glibc-doc
#14 5.043   libcairo2-doc libdatrie-doc gnupg git bzr libfftw3-doc freetype2-doc
#14 5.043   gdbm-l10n libgirepository1.0-dev libglib2.0-doc libxml2-utils
#14 5.043   libgraphite2-utils libhdf5-doc libice-doc icu-doc liblcms2-utils libtool-doc
#14 5.043   liblzma-doc inkscape libmatio-doc liborc-0.4-doc imagemagick libpango1.0-doc
#14 5.043   libpoppler-glib-doc librsvg2-bin librsvg2-doc libsm-doc libstdc++-10-doc
#14 5.043   libthai-doc nip2 libwmf-doc libwmf0.2-7-gtk libx11-doc libx265-doc
#14 5.043   libxcb-doc libxext-doc libxt-doc m4-doc make-doc ed diffutils-doc perl-doc
#14 5.043   libterm-readline-gnu-perl | libterm-readline-perl-perl
#14 5.043   libtap-harness-archive-perl python3-doc python3-tk python3-venv
#14 5.043   python3.9-venv python3.9-doc binfmt-support readline-doc
#14 5.043 Recommended packages:
#14 5.043   fakeroot gnupg libalgorithm-merge-perl curl | wget | lynx bzip2-doc manpages
#14 5.043   manpages-dev libc-devtools libcfitsio-doc ca-certificates
#14 5.043   libfile-fcntllock-perl liblocale-gettext-perl libexif-doc xdg-user-dirs
#14 5.043   libldap-common libtool ghostscript gsfonts libjxr-tools libgpm2 libpng-tools
#14 5.043   poppler-data publicsuffix libsasl2-modules libvips-doc libvips-tools nip2
#14 5.043   netbase
#14 5.969 The following NEW packages will be installed:
#14 5.969   autoconf automake autotools-dev binutils binutils-common
#14 5.969   binutils-x86-64-linux-gnu build-essential bzip2 cpp cpp-10 dpkg-dev
#14 5.969   fontconfig fontconfig-config fonts-dejavu-core g++ g++-10 gcc gcc-10 gettext
#14 5.969   gettext-base gir1.2-freedesktop gir1.2-gdkpixbuf-2.0 gir1.2-glib-2.0
#14 5.969   gir1.2-gsf-1 gir1.2-harfbuzz-0.0 gir1.2-pango-1.0 gir1.2-poppler-0.18
#14 5.969   gir1.2-rsvg-2.0 gir1.2-vips-8.0 hdf5-helpers icu-devtools
#14 5.969   imagemagick-6-common libaec-dev libaec0 libaom-dev libaom0 libasan6
#14 5.969   libatomic1 libbinutils libblkid-dev libbrotli-dev libbrotli1 libbsd0
#14 5.969   libbz2-dev libc-dev-bin libc6-dev libcairo-gobject2
#14 5.969   libcairo-script-interpreter2 libcairo2 libcairo2-dev libcc1-0 libcfitsio-dev
#14 5.969   libcfitsio9 libcrypt-dev libctf-nobfd0 libctf0 libcurl3-gnutls libdatrie-dev
#14 5.969   libdatrie1 libdav1d-dev libdav1d4 libde265-0 libde265-dev libdeflate-dev
#14 5.969   libdeflate0 libdjvulibre-dev libdjvulibre-text libdjvulibre21 libdpkg-perl
#14 5.969   libelf1 libexif-dev libexif12 libexpat1 libexpat1-dev libffi-dev
#14 5.969   libfftw3-bin libfftw3-dev libfftw3-double3 libfftw3-long3 libfftw3-quad3
#14 5.969   libfftw3-single3 libfontconfig-dev libfontconfig1 libfontconfig1-dev
#14 5.969   libfreetype-dev libfreetype6 libfreetype6-dev libfribidi-dev libfribidi0
#14 5.969   libgcc-10-dev libgdbm-compat4 libgdbm6 libgdk-pixbuf-2.0-0
#14 5.969   libgdk-pixbuf-2.0-dev libgdk-pixbuf-xlib-2.0-0 libgdk-pixbuf2.0-0
#14 5.969   libgdk-pixbuf2.0-bin libgdk-pixbuf2.0-common libgfortran5 libgif-dev libgif7
#14 5.969   libgirepository-1.0-1 libglib2.0-0 libglib2.0-bin libglib2.0-data
#14 5.969   libglib2.0-dev libglib2.0-dev-bin libgomp1 libgraphite2-3 libgraphite2-dev
#14 5.969   libgsf-1-114 libgsf-1-common libgsf-1-dev libharfbuzz-dev
#14 5.969   libharfbuzz-gobject0 libharfbuzz-icu0 libharfbuzz0b libhdf5-103-1
#14 5.969   libhdf5-cpp-103-1 libhdf5-dev libhdf5-fortran-102 libhdf5-hl-100
#14 5.969   libhdf5-hl-cpp-100 libhdf5-hl-fortran-100 libheif-dev libheif1 libice-dev
#14 5.969   libice6 libicu-dev libicu67 libilmbase-dev libilmbase25 libimagequant-dev
#14 5.969   libimagequant0 libisl23 libitm1 libjbig-dev libjbig0 libjpeg-dev
#14 5.969   libjpeg62-turbo libjpeg62-turbo-dev liblcms2-2 liblcms2-dev libldap-2.4-2
#14 5.969   liblqr-1-0 liblqr-1-0-dev liblsan0 libltdl-dev libltdl7 liblzma-dev
#14 5.969   liblzo2-2 libmagickcore-6-arch-config libmagickcore-6-headers
#14 5.969   libmagickcore-6.q16-6 libmagickcore-6.q16-6-extra libmagickcore-6.q16-dev
#14 5.969   libmagickcore-dev libmagickwand-6-headers libmagickwand-6.q16-6
#14 5.969   libmagickwand-6.q16-dev libmagickwand-dev libmatio-dev libmatio11 libmd0
#14 5.969   libmount-dev libmpc3 libmpdec3 libmpfr6 libncursesw6 libnghttp2-14
#14 5.969   libnsl-dev libnspr4 libnss3 libnuma1 libopenexr-dev libopenexr25
#14 5.970   libopenjp2-7 libopenjp2-7-dev libopenslide-dev libopenslide0 liborc-0.4-0
#14 5.970   liborc-0.4-dev liborc-0.4-dev-bin libpango-1.0-0 libpango1.0-dev
#14 5.970   libpangocairo-1.0-0 libpangoft2-1.0-0 libpangoxft-1.0-0 libpcre16-3
#14 5.970   libpcre2-16-0 libpcre2-32-0 libpcre2-dev libpcre2-posix2 libpcre3-dev
#14 5.970   libpcre32-3 libpcrecpp0v5 libperl5.32 libpixman-1-0 libpixman-1-dev
#14 5.970   libpng-dev libpng16-16 libpoppler-dev libpoppler-glib-dev libpoppler-glib8
#14 5.970   libpoppler102 libpsl5 libpthread-stubs0-dev libpython3-stdlib
#14 5.970   libpython3.9-minimal libpython3.9-stdlib libquadmath0 libreadline8
#14 5.970   librsvg2-2 librsvg2-common librsvg2-dev librtmp1 libsasl2-2
#14 5.970   libsasl2-modules-db libselinux1-dev libsepol1-dev libsigsegv2 libsm-dev
#14 5.970   libsm6 libsqlite3-0 libssh2-1 libstdc++-10-dev libsz2 libthai-data
#14 5.970   libthai-dev libthai0 libtiff-dev libtiff5 libtiffxx5 libtirpc-dev libtsan0
#14 5.970   libubsan1 libvips-dev libvips42 libwebp-dev libwebp6 libwebpdemux2
#14 5.970   libwebpmux3 libwmf-dev libwmf0.2-7 libx11-6 libx11-data libx11-dev
#14 5.970   libx265-192 libx265-dev libxau-dev libxau6 libxcb-render0 libxcb-render0-dev
#14 5.970   libxcb-shm0 libxcb-shm0-dev libxcb1 libxcb1-dev libxdmcp-dev libxdmcp6
#14 5.970   libxext-dev libxext6 libxft-dev libxft2 libxml2 libxml2-dev libxrender-dev
#14 5.970   libxrender1 libxt-dev libxt6 linux-libc-dev m4 make media-types
#14 5.970   pango1.0-tools patch perl perl-modules-5.32 pkg-config python3
#14 5.970   python3-distutils python3-lib2to3 python3-minimal python3.9
#14 5.970   python3.9-minimal readline-common sensible-utils shared-mime-info ucf
#14 5.970   uuid-dev x11-common x11proto-dev x11proto-xext-dev xorg-sgml-doctools
#14 5.970   xtrans-dev xz-utils zlib1g-dev
#14 6.212 0 upgraded, 296 newly installed, 0 to remove and 0 not upgraded.
#14 6.212 Need to get 171 MB of archives.
#14 6.212 After this operation, 681 MB of additional disk space will be used.
#14 6.212 Get:1 http://deb.debian.org/debian-security bullseye-security/main amd64 perl-modules-5.32 all 5.32.1-4+deb11u4 [2824 kB]
#14 7.036 Get:2 http://deb.debian.org/debian bullseye/main amd64 libgdbm6 amd64 1.19-2 [64.9 kB]
#14 7.105 Get:3 http://deb.debian.org/debian bullseye/main amd64 libgdbm-compat4 amd64 1.19-2 [44.7 kB]
#14 7.146 Get:4 http://deb.debian.org/debian-security bullseye-security/main amd64 libperl5.32 amd64 5.32.1-4+deb11u4 [4132 kB]
#14 7.894 Get:5 http://deb.debian.org/debian-security bullseye-security/main amd64 perl amd64 5.32.1-4+deb11u4 [293 kB]
#14 7.929 Get:6 http://deb.debian.org/debian-security bullseye-security/main amd64 imagemagick-6-common all 8:6.9.11.60+dfsg-1.3+deb11u8 [214 kB]
#14 7.964 Get:7 http://deb.debian.org/debian-security bullseye-security/main amd64 libmagickcore-6-headers all 8:6.9.11.60+dfsg-1.3+deb11u8 [50.9 kB]
#14 7.970 Get:8 http://deb.debian.org/debian-security bullseye-security/main amd64 libmagickcore-6-arch-config amd64 8:6.9.11.60+dfsg-1.3+deb11u8 [177 kB]
#14 7.988 Get:9 http://deb.debian.org/debian bullseye/main amd64 libgomp1 amd64 10.2.1-6 [99.9 kB]
#14 7.997 Get:10 http://deb.debian.org/debian bullseye/main amd64 libfftw3-double3 amd64 3.3.8-2 [733 kB]
#14 8.108 Get:11 http://deb.debian.org/debian-security bullseye-security/main amd64 libexpat1 amd64 2.2.10-2+deb11u7 [99.2 kB]
#14 8.156 Get:12 http://deb.debian.org/debian bullseye/main amd64 libbrotli1 amd64 1.0.9-2+b2 [279 kB]
#14 8.214 Get:13 http://deb.debian.org/debian-security bullseye-security/main amd64 libpng16-16 amd64 1.6.37-3+deb11u1 [295 kB]
#14 8.270 Get:14 http://deb.debian.org/debian-security bullseye-security/main amd64 libfreetype6 amd64 2.10.4+dfsg-1+deb11u2 [418 kB]
#14 8.310 Get:15 http://deb.debian.org/debian bullseye/main amd64 sensible-utils all 0.0.14 [14.8 kB]
#14 8.312 Get:16 http://deb.debian.org/debian-security bullseye-security/main amd64 ucf all 3.0043+deb11u2 [74.3 kB]
#14 8.320 Get:17 http://deb.debian.org/debian bullseye/main amd64 fonts-dejavu-core all 2.37-2 [1069 kB]
#14 8.530 Get:18 http://deb.debian.org/debian bullseye/main amd64 fontconfig-config all 2.13.1-4.2 [281 kB]
#14 8.591 Get:19 http://deb.debian.org/debian bullseye/main amd64 libfontconfig1 amd64 2.13.1-4.2 [347 kB]
#14 8.672 Get:20 http://deb.debian.org/debian-security bullseye-security/main amd64 libaom0 amd64 1.0.0.errata1-3+deb11u2 [1121 kB]
#14 8.892 Get:21 http://deb.debian.org/debian bullseye/main amd64 libdav1d4 amd64 0.7.1-3+deb11u1 [331 kB]
#14 8.967 Get:22 http://deb.debian.org/debian bullseye/main amd64 libde265-0 amd64 1.0.11-0+deb11u3 [180 kB]
#14 9.046 Get:23 http://deb.debian.org/debian bullseye/main amd64 libnuma1 amd64 2.0.12-1+b1 [26.3 kB]
#14 9.102 Get:24 http://deb.debian.org/debian bullseye/main amd64 libx265-192 amd64 3.4-2 [1095 kB]
#14 9.747 Get:25 http://deb.debian.org/debian-security bullseye-security/main amd64 libheif1 amd64 1.11.0-1+deb11u2 [192 kB]
#14 9.918 Get:26 http://deb.debian.org/debian bullseye/main amd64 libjbig0 amd64 2.1-3.1+b2 [31.0 kB]
#14 9.980 Get:27 http://deb.debian.org/debian bullseye/main amd64 libjpeg62-turbo amd64 1:2.0.6-4 [151 kB]
#14 10.06 Get:28 http://deb.debian.org/debian bullseye/main amd64 liblcms2-2 amd64 2.12~rc1-2 [150 kB]
#14 ...

#15 [ai-service 3/7] RUN apt-get update && apt-get install -y     libgl1     libglib2.0-0     gcc     g++     && rm -rf /var/lib/apt/lists/*
#15 0.486 Hit:1 http://deb.debian.org/debian trixie InRelease
#15 0.500 Get:2 http://deb.debian.org/debian trixie-updates InRelease [47.3 kB]
#15 0.547 Get:3 http://deb.debian.org/debian-security trixie-security InRelease [43.4 kB]
#15 0.579 Get:4 http://deb.debian.org/debian trixie/main amd64 Packages [9670 kB]
#15 1.651 Get:5 http://deb.debian.org/debian trixie-updates/main amd64 Packages [5412 B]
#15 1.675 Get:6 http://deb.debian.org/debian-security trixie-security/main amd64 Packages [97.9 kB]
#15 2.336 Fetched 9864 kB in 2s (5046 kB/s)
#15 2.336 Reading package lists...
#15 2.930 Reading package lists...
#15 3.507 Building dependency tree...
#15 3.617 Reading state information...
#15 3.779 The following additional packages will be installed:
#15 3.779   binutils binutils-common binutils-x86-64-linux-gnu cpp cpp-14
#15 3.779   cpp-14-x86-64-linux-gnu cpp-x86-64-linux-gnu g++-14 g++-14-x86-64-linux-gnu
#15 3.780   g++-x86-64-linux-gnu gcc-14 gcc-14-x86-64-linux-gnu gcc-x86-64-linux-gnu
#15 3.780   libasan8 libatomic1 libbinutils libc-dev-bin libc6-dev libcc1-0 libcrypt-dev
#15 3.780   libctf-nobfd0 libctf0 libdrm-amdgpu1 libdrm-common libdrm-intel1 libdrm2
#15 3.781   libedit2 libelf1t64 libexpat1 libgbm1 libgcc-14-dev libgl1-mesa-dri
#15 3.781   libglib2.0-data libglvnd0 libglx-mesa0 libglx0 libgomp1 libgprofng0
#15 3.781   libhwasan0 libisl23 libitm1 libjansson4 libllvm19 liblsan0 libmpc3 libmpfr6
#15 3.781   libpciaccess0 libquadmath0 libsensors-config libsensors5 libsframe1
#15 3.781   libstdc++-14-dev libtsan2 libubsan1 libvulkan1 libwayland-client0
#15 3.781   libwayland-server0 libx11-6 libx11-data libx11-xcb1 libxau6 libxcb-dri3-0
#15 3.781   libxcb-glx0 libxcb-present0 libxcb-randr0 libxcb-shm0 libxcb-sync1
#15 3.781   libxcb-xfixes0 libxcb1 libxdmcp6 libxext6 libxml2 libxshmfence1 libxxf86vm1
#15 3.781   libz3-4 linux-libc-dev manpages manpages-dev mesa-libgallium
#15 3.781   mesa-vulkan-drivers rpcsvc-proto shared-mime-info xdg-user-dirs
#15 3.783 Suggested packages:
#15 3.783   binutils-doc gprofng-gui binutils-gold cpp-doc gcc-14-locales cpp-14-doc
#15 3.783   g++-multilib g++-14-multilib gcc-14-doc gcc-multilib make autoconf automake
#15 3.783   libtool flex bison gdb gcc-doc gcc-14-multilib gdb-x86-64-linux-gnu
#15 3.783   libc-devtools glibc-doc low-memory-monitor pciutils lm-sensors
#15 3.783   libstdc++-14-doc man-browser
#15 4.055 The following NEW packages will be installed:
#15 4.055   binutils binutils-common binutils-x86-64-linux-gnu cpp cpp-14
#15 4.056   cpp-14-x86-64-linux-gnu cpp-x86-64-linux-gnu g++ g++-14
#15 4.056   g++-14-x86-64-linux-gnu g++-x86-64-linux-gnu gcc gcc-14
#15 4.056   gcc-14-x86-64-linux-gnu gcc-x86-64-linux-gnu libasan8 libatomic1 libbinutils
#15 4.056   libc-dev-bin libc6-dev libcc1-0 libcrypt-dev libctf-nobfd0 libctf0
#15 4.056   libdrm-amdgpu1 libdrm-common libdrm-intel1 libdrm2 libedit2 libelf1t64
#15 4.056   libexpat1 libgbm1 libgcc-14-dev libgl1 libgl1-mesa-dri libglib2.0-0t64
#15 4.056   libglib2.0-data libglvnd0 libglx-mesa0 libglx0 libgomp1 libgprofng0
#15 4.056   libhwasan0 libisl23 libitm1 libjansson4 libllvm19 liblsan0 libmpc3 libmpfr6
#15 4.057   libpciaccess0 libquadmath0 libsensors-config libsensors5 libsframe1
#15 4.057   libstdc++-14-dev libtsan2 libubsan1 libvulkan1 libwayland-client0
#15 4.057   libwayland-server0 libx11-6 libx11-data libx11-xcb1 libxau6 libxcb-dri3-0
#15 4.057   libxcb-glx0 libxcb-present0 libxcb-randr0 libxcb-shm0 libxcb-sync1
#15 4.057   libxcb-xfixes0 libxcb1 libxdmcp6 libxext6 libxml2 libxshmfence1 libxxf86vm1
#15 4.057   libz3-4 linux-libc-dev manpages manpages-dev mesa-libgallium
#15 4.058   mesa-vulkan-drivers rpcsvc-proto shared-mime-info xdg-user-dirs
#15 4.125 0 upgraded, 87 newly installed, 0 to remove and 0 not upgraded.
#15 4.125 Need to get 141 MB of archives.
#15 4.125 After this operation, 599 MB of additional disk space will be used.
#15 4.125 Get:1 http://deb.debian.org/debian trixie/main amd64 libexpat1 amd64 2.7.1-2 [108 kB]
#15 4.177 Get:2 http://deb.debian.org/debian trixie/main amd64 manpages all 6.9.1-1 [1393 kB]
#15 4.361 Get:3 http://deb.debian.org/debian trixie/main amd64 libsframe1 amd64 2.44-3 [78.4 kB]
#15 4.369 Get:4 http://deb.debian.org/debian trixie/main amd64 binutils-common amd64 2.44-3 [2509 kB]
#15 4.671 Get:5 http://deb.debian.org/debian trixie/main amd64 libbinutils amd64 2.44-3 [534 kB]
#15 4.736 Get:6 http://deb.debian.org/debian trixie/main amd64 libgprofng0 amd64 2.44-3 [808 kB]
#15 4.840 Get:7 http://deb.debian.org/debian trixie/main amd64 libctf-nobfd0 amd64 2.44-3 [156 kB]
#15 4.856 Get:8 http://deb.debian.org/debian trixie/main amd64 libctf0 amd64 2.44-3 [88.6 kB]
#15 4.865 Get:9 http://deb.debian.org/debian trixie/main amd64 libjansson4 amd64 2.14-2+b3 [39.8 kB]
#15 4.870 Get:10 http://deb.debian.org/debian trixie/main amd64 binutils-x86-64-linux-gnu amd64 2.44-3 [1014 kB]
#15 4.987 Get:11 http://deb.debian.org/debian trixie/main amd64 binutils amd64 2.44-3 [265 kB]
#15 5.055 Get:12 http://deb.debian.org/debian trixie/main amd64 libisl23 amd64 0.27-1 [659 kB]
#15 5.136 Get:13 http://deb.debian.org/debian trixie/main amd64 libmpfr6 amd64 4.2.2-1 [729 kB]
#15 5.293 Get:14 http://deb.debian.org/debian trixie/main amd64 libmpc3 amd64 1.3.1-1+b3 [52.2 kB]
#15 5.301 Get:15 http://deb.debian.org/debian trixie/main amd64 cpp-14-x86-64-linux-gnu amd64 14.2.0-19 [11.0 MB]
#15 7.896 Get:16 http://deb.debian.org/debian trixie/main amd64 cpp-14 amd64 14.2.0-19 [1280 B]
#15 7.896 Get:17 http://deb.debian.org/debian trixie/main amd64 cpp-x86-64-linux-gnu amd64 4:14.2.0-1 [4840 B]
#15 7.896 Get:18 http://deb.debian.org/debian trixie/main amd64 cpp amd64 4:14.2.0-1 [1568 B]
#15 7.896 Get:19 http://deb.debian.org/debian trixie/main amd64 libcc1-0 amd64 14.2.0-19 [42.8 kB]
#15 7.946 Get:20 http://deb.debian.org/debian trixie/main amd64 libgomp1 amd64 14.2.0-19 [137 kB]
#15 7.959 Get:21 http://deb.debian.org/debian trixie/main amd64 libitm1 amd64 14.2.0-19 [26.0 kB]
#15 7.962 Get:22 http://deb.debian.org/debian trixie/main amd64 libatomic1 amd64 14.2.0-19 [9308 B]
#15 7.963 Get:23 http://deb.debian.org/debian trixie/main amd64 libasan8 amd64 14.2.0-19 [2725 kB]
#15 8.584 Get:24 http://deb.debian.org/debian trixie/main amd64 liblsan0 amd64 14.2.0-19 [1204 kB]
#15 8.931 Get:25 http://deb.debian.org/debian trixie/main amd64 libtsan2 amd64 14.2.0-19 [2460 kB]
#15 9.386 Get:26 http://deb.debian.org/debian trixie/main amd64 libubsan1 amd64 14.2.0-19 [1074 kB]
#15 9.579 Get:27 http://deb.debian.org/debian trixie/main amd64 libhwasan0 amd64 14.2.0-19 [1488 kB]
#15 9.790 Get:28 http://deb.debian.org/debian trixie/main amd64 libquadmath0 amd64 14.2.0-19 [145 kB]
#15 9.811 Get:29 http://deb.debian.org/debian trixie/main amd64 libgcc-14-dev amd64 14.2.0-19 [2672 kB]
#15 10.14 Get:30 http://deb.debian.org/debian trixie/main amd64 gcc-14-x86-64-linux-gnu amd64 14.2.0-19 [21.4 MB]
#15 ...

#14 [api builder  3/10] RUN apt-get update &&     apt-get install -y --no-install-recommends build-essential python3 make g++ libvips-dev &&     rm -rf /var/lib/apt/lists/*
#14 10.12 Get:29 http://deb.debian.org/debian-security bullseye-security/main amd64 libglib2.0-0 amd64 2.66.8-1+deb11u7 [1377 kB]
#14 10.81 Get:30 http://deb.debian.org/debian bullseye/main amd64 liblqr-1-0 amd64 0.4.2-2.1 [29.1 kB]
#14 10.89 Get:31 http://deb.debian.org/debian bullseye/main amd64 libltdl7 amd64 2.4.6-15 [391 kB]
#14 11.13 Get:32 http://deb.debian.org/debian-security bullseye-security/main amd64 libopenjp2-7 amd64 2.4.0-3+deb11u2 [173 kB]
#14 11.28 Get:33 http://deb.debian.org/debian bullseye/main amd64 libdeflate0 amd64 1.7-1 [53.1 kB]
#14 11.28 Get:34 http://deb.debian.org/debian bullseye/main amd64 libwebp6 amd64 0.6.1-2.1+deb11u2 [259 kB]
#14 11.66 Get:35 http://deb.debian.org/debian-security bullseye-security/main amd64 libtiff5 amd64 4.2.0-1+deb11u7 [291 kB]
#14 11.90 Get:36 http://deb.debian.org/debian bullseye/main amd64 libwebpdemux2 amd64 0.6.1-2.1+deb11u2 [87.8 kB]
#14 11.95 Get:37 http://deb.debian.org/debian bullseye/main amd64 libwebpmux3 amd64 0.6.1-2.1+deb11u2 [97.7 kB]
#14 11.96 Get:38 http://deb.debian.org/debian bullseye/main amd64 libxau6 amd64 1:1.0.9-1 [19.7 kB]
#14 11.96 Get:39 http://deb.debian.org/debian bullseye/main amd64 libmd0 amd64 1.0.3-3 [28.0 kB]
#14 11.98 Get:40 http://deb.debian.org/debian bullseye/main amd64 libbsd0 amd64 0.11.3-1+deb11u1 [108 kB]
#14 12.01 Get:41 http://deb.debian.org/debian bullseye/main amd64 libxdmcp6 amd64 1:1.1.2-3 [26.3 kB]
#14 12.06 Get:42 http://deb.debian.org/debian bullseye/main amd64 libxcb1 amd64 1.14-3 [140 kB]
#14 12.11 Get:43 http://deb.debian.org/debian bullseye/main amd64 libx11-data all 2:1.7.2-1+deb11u2 [311 kB]
#14 12.35 Get:44 http://deb.debian.org/debian bullseye/main amd64 libx11-6 amd64 2:1.7.2-1+deb11u2 [772 kB]
#14 12.85 Get:45 http://deb.debian.org/debian bullseye/main amd64 libxext6 amd64 2:1.3.3-1.1 [52.7 kB]
#14 12.85 Get:46 http://deb.debian.org/debian-security bullseye-security/main amd64 libicu67 amd64 67.1-7+deb11u1 [8624 kB]
#14 14.52 Get:47 http://deb.debian.org/debian-security bullseye-security/main amd64 libxml2 amd64 2.9.10+dfsg-6.7+deb11u9 [694 kB]
#14 14.63 Get:48 http://deb.debian.org/debian-security bullseye-security/main amd64 libmagickcore-6.q16-6 amd64 8:6.9.11.60+dfsg-1.3+deb11u8 [1825 kB]
#14 14.91 Get:49 http://deb.debian.org/debian bullseye/main amd64 libpixman-1-0 amd64 0.40.0-1.1~deb11u1 [543 kB]
#14 14.96 Get:50 http://deb.debian.org/debian bullseye/main amd64 libxcb-render0 amd64 1.14-3 [111 kB]
#14 15.01 Get:51 http://deb.debian.org/debian bullseye/main amd64 libxcb-shm0 amd64 1.14-3 [101 kB]
#14 15.06 Get:52 http://deb.debian.org/debian bullseye/main amd64 libxrender1 amd64 1:0.9.10-1 [33.0 kB]
#14 15.09 Get:53 http://deb.debian.org/debian bullseye/main amd64 libcairo2 amd64 1.16.0-5 [694 kB]
#14 15.20 Get:54 http://deb.debian.org/debian-security bullseye-security/main amd64 libdjvulibre-text all 3.5.28-2.2~deb11u1 [62.1 kB]
#14 15.21 Get:55 http://deb.debian.org/debian-security bullseye-security/main amd64 libdjvulibre21 amd64 3.5.28-2.2~deb11u1 [592 kB]
#14 15.30 Get:56 http://deb.debian.org/debian-security bullseye-security/main amd64 libmagickwand-6.q16-6 amd64 8:6.9.11.60+dfsg-1.3+deb11u8 [455 kB]
#14 15.39 Get:57 http://deb.debian.org/debian bullseye/main amd64 libilmbase25 amd64 2.5.4-1 [202 kB]
#14 15.45 Get:58 http://deb.debian.org/debian bullseye/main amd64 libopenexr25 amd64 2.5.4-2+deb11u1 [689 kB]
#14 16.13 Get:59 http://deb.debian.org/debian bullseye/main amd64 fontconfig amd64 2.13.1-4.2 [417 kB]
#14 ...

#15 [ai-service 3/7] RUN apt-get update && apt-get install -y     libgl1     libglib2.0-0     gcc     g++     && rm -rf /var/lib/apt/lists/*
#15 16.40 Get:31 http://deb.debian.org/debian trixie/main amd64 gcc-14 amd64 14.2.0-19 [540 kB]
#15 16.59 Get:32 http://deb.debian.org/debian trixie/main amd64 gcc-x86-64-linux-gnu amd64 4:14.2.0-1 [1436 B]
#15 16.59 Get:33 http://deb.debian.org/debian trixie/main amd64 gcc amd64 4:14.2.0-1 [5136 B]
#15 16.59 Get:34 http://deb.debian.org/debian trixie/main amd64 libc-dev-bin amd64 2.41-12+deb13u1 [58.5 kB]
#15 16.62 Get:35 http://deb.debian.org/debian trixie/main amd64 linux-libc-dev all 6.12.63-1 [2720 kB]
#15 16.99 Get:36 http://deb.debian.org/debian trixie/main amd64 libcrypt-dev amd64 1:4.4.38-1 [119 kB]
#15 17.01 Get:37 http://deb.debian.org/debian trixie/main amd64 rpcsvc-proto amd64 1.4.3-1 [63.3 kB]
#15 17.02 Get:38 http://deb.debian.org/debian trixie/main amd64 libc6-dev amd64 2.41-12+deb13u1 [1994 kB]
#15 17.30 Get:39 http://deb.debian.org/debian trixie/main amd64 libstdc++-14-dev amd64 14.2.0-19 [2376 kB]
#15 17.67 Get:40 http://deb.debian.org/debian trixie/main amd64 g++-14-x86-64-linux-gnu amd64 14.2.0-19 [12.1 MB]
#15 20.10 Get:41 http://deb.debian.org/debian trixie/main amd64 g++-14 amd64 14.2.0-19 [22.5 kB]
#15 20.10 Get:42 http://deb.debian.org/debian trixie/main amd64 g++-x86-64-linux-gnu amd64 4:14.2.0-1 [1200 B]
#15 20.10 Get:43 http://deb.debian.org/debian trixie/main amd64 g++ amd64 4:14.2.0-1 [1344 B]
#15 20.10 Get:44 http://deb.debian.org/debian trixie/main amd64 libdrm-common all 2.4.124-2 [8288 B]
#15 20.16 Get:45 http://deb.debian.org/debian trixie/main amd64 libdrm2 amd64 2.4.124-2 [39.0 kB]
#15 20.16 Get:46 http://deb.debian.org/debian trixie/main amd64 libdrm-amdgpu1 amd64 2.4.124-2 [22.6 kB]
#15 20.16 Get:47 http://deb.debian.org/debian trixie/main amd64 libpciaccess0 amd64 0.17-3+b3 [51.9 kB]
#15 20.19 Get:48 http://deb.debian.org/debian trixie/main amd64 libdrm-intel1 amd64 2.4.124-2 [64.1 kB]
#15 20.20 Get:49 http://deb.debian.org/debian trixie/main amd64 libedit2 amd64 3.1-20250104-1 [93.8 kB]
#15 20.24 Get:50 http://deb.debian.org/debian trixie/main amd64 libelf1t64 amd64 0.192-4 [189 kB]
#15 20.28 Get:51 http://deb.debian.org/debian trixie/main amd64 libwayland-server0 amd64 1.23.1-3 [34.4 kB]
#15 20.33 Get:52 http://deb.debian.org/debian trixie/main amd64 libxml2 amd64 2.12.7+dfsg+really2.9.14-2.1+deb13u2 [698 kB]
#15 20.46 Get:53 http://deb.debian.org/debian trixie/main amd64 libz3-4 amd64 4.13.3-1 [8560 kB]
#15 21.75 Get:54 http://deb.debian.org/debian trixie/main amd64 libllvm19 amd64 1:19.1.7-3+b1 [26.0 MB]
#15 ...

#14 [api builder  3/10] RUN apt-get update &&     apt-get install -y --no-install-recommends build-essential python3 make g++ libvips-dev &&     rm -rf /var/lib/apt/lists/*
#14 17.10 Get:60 http://deb.debian.org/debian bullseye/main amd64 libfribidi0 amd64 1.0.8-2+deb11u1 [64.9 kB]
#14 17.15 Get:61 http://deb.debian.org/debian bullseye/main amd64 libgraphite2-3 amd64 1.3.14-1 [81.2 kB]
#14 17.21 Get:62 http://deb.debian.org/debian bullseye/main amd64 libharfbuzz0b amd64 2.7.4-1 [1471 kB]
#14 17.59 Get:63 http://deb.debian.org/debian bullseye/main amd64 libthai-data all 0.1.28-3 [170 kB]
#14 17.72 Get:64 http://deb.debian.org/debian bullseye/main amd64 libdatrie1 amd64 0.2.13-1 [42.7 kB]
#14 17.86 Get:65 http://deb.debian.org/debian bullseye/main amd64 libthai0 amd64 0.1.28-3 [54.2 kB]
#14 17.97 Get:66 http://deb.debian.org/debian bullseye/main amd64 libpango-1.0-0 amd64 1.46.2-3 [191 kB]
#14 18.09 Get:67 http://deb.debian.org/debian bullseye/main amd64 libpangoft2-1.0-0 amd64 1.46.2-3 [62.2 kB]
#14 18.20 Get:68 http://deb.debian.org/debian bullseye/main amd64 libpangocairo-1.0-0 amd64 1.46.2-3 [50.6 kB]
#14 18.30 Get:69 http://deb.debian.org/debian bullseye/main amd64 libwmf0.2-7 amd64 0.2.8.4-17 [165 kB]
#14 18.41 Get:70 http://deb.debian.org/debian-security bullseye-security/main amd64 libmagickcore-6.q16-6-extra amd64 8:6.9.11.60+dfsg-1.3+deb11u8 [220 kB]
#14 18.50 Get:71 http://deb.debian.org/debian-security bullseye-security/main amd64 libc-dev-bin amd64 2.31-13+deb11u13 [277 kB]
#14 18.53 Get:72 http://deb.debian.org/debian-security bullseye-security/main amd64 linux-libc-dev amd64 5.10.247-1 [1865 kB]
#14 18.93 Get:73 http://deb.debian.org/debian bullseye/main amd64 libcrypt-dev amd64 1:4.4.18-4 [104 kB]
#14 18.98 Get:74 http://deb.debian.org/debian bullseye/main amd64 libtirpc-dev amd64 1.3.1-1+deb11u1 [191 kB]
#14 19.03 Get:75 http://deb.debian.org/debian bullseye/main amd64 libnsl-dev amd64 1.3.0-2 [66.4 kB]
#14 19.07 Get:76 http://deb.debian.org/debian-security bullseye-security/main amd64 libc6-dev amd64 2.31-13+deb11u13 [2362 kB]
#14 19.55 Get:77 http://deb.debian.org/debian bullseye/main amd64 libbz2-dev amd64 1.0.8-4 [30.1 kB]
#14 19.59 Get:78 http://deb.debian.org/debian bullseye/main amd64 libjpeg62-turbo-dev amd64 1:2.0.6-4 [278 kB]
#14 19.70 Get:79 http://deb.debian.org/debian bullseye/main amd64 libjpeg-dev amd64 1:2.0.6-4 [67.8 kB]
#14 19.74 Get:80 http://deb.debian.org/debian-security bullseye-security/main amd64 libdjvulibre-dev amd64 3.5.28-2.2~deb11u1 [2400 kB]
#14 20.12 Get:81 http://deb.debian.org/debian bullseye/main amd64 libexif12 amd64 0.6.22-3 [376 kB]
#14 20.17 Get:82 http://deb.debian.org/debian bullseye/main amd64 libexif-dev amd64 0.6.22-3 [101 kB]
#14 20.20 Get:83 http://deb.debian.org/debian bullseye/main amd64 libbrotli-dev amd64 1.0.9-2+b2 [288 kB]
#14 20.25 Get:84 http://deb.debian.org/debian bullseye/main amd64 zlib1g-dev amd64 1:1.2.11.dfsg-2+deb11u2 [191 kB]
#14 20.29 Get:85 http://deb.debian.org/debian-security bullseye-security/main amd64 libpng-dev amd64 1.6.37-3+deb11u1 [298 kB]
#14 20.36 Get:86 http://deb.debian.org/debian-security bullseye-security/main amd64 libfreetype-dev amd64 2.10.4+dfsg-1+deb11u2 [571 kB]
#14 20.49 Get:87 http://deb.debian.org/debian-security bullseye-security/main amd64 libfreetype6-dev amd64 2.10.4+dfsg-1+deb11u2 [82.7 kB]
#14 20.55 Get:88 http://deb.debian.org/debian-security bullseye-security/main amd64 libopenjp2-7-dev amd64 2.4.0-3+deb11u2 [203 kB]
#14 20.62 Get:89 http://deb.debian.org/debian bullseye/main amd64 liblcms2-dev amd64 2.12~rc1-2 [1895 kB]
#14 20.99 Get:90 http://deb.debian.org/debian bullseye/main amd64 liblqr-1-0-dev amd64 0.4.2-2.1 [72.2 kB]
#14 21.06 Get:91 http://deb.debian.org/debian bullseye/main amd64 libsigsegv2 amd64 2.13-1 [34.8 kB]
#14 21.13 Get:92 http://deb.debian.org/debian bullseye/main amd64 m4 amd64 1.4.18-5 [204 kB]
#14 21.22 Get:93 http://deb.debian.org/debian bullseye/main amd64 autoconf all 2.69-14 [313 kB]
#14 21.34 Get:94 http://deb.debian.org/debian bullseye/main amd64 autotools-dev all 20180224.1+nmu1 [77.1 kB]
#14 21.45 Get:95 http://deb.debian.org/debian bullseye/main amd64 automake all 1:1.16.3-2 [814 kB]
#14 21.71 Get:96 http://deb.debian.org/debian bullseye/main amd64 libltdl-dev amd64 2.4.6-15 [162 kB]
#14 21.72 Get:97 http://deb.debian.org/debian bullseye/main amd64 libilmbase-dev amd64 2.5.4-1 [160 kB]
#14 21.74 Get:98 http://deb.debian.org/debian bullseye/main amd64 libopenexr-dev amd64 2.5.4-2+deb11u1 [160 kB]
#14 21.82 Get:99 http://deb.debian.org/debian bullseye/main amd64 libgirepository-1.0-1 amd64 1.66.1-1+b1 [96.7 kB]
#14 21.83 Get:100 http://deb.debian.org/debian bullseye/main amd64 gir1.2-glib-2.0 amd64 1.66.1-1+b1 [151 kB]
#14 21.84 Get:101 http://deb.debian.org/debian bullseye/main amd64 gir1.2-freedesktop amd64 1.66.1-1+b1 [33.4 kB]
#14 21.85 Get:102 http://deb.debian.org/debian-security bullseye-security/main amd64 libgdk-pixbuf2.0-common all 2.42.2+dfsg-1+deb11u4 [321 kB]
#14 21.95 Get:103 http://deb.debian.org/debian bullseye/main amd64 shared-mime-info amd64 2.0-1 [701 kB]
#14 22.29 Get:104 http://deb.debian.org/debian-security bullseye-security/main amd64 libgdk-pixbuf-2.0-0 amd64 2.42.2+dfsg-1+deb11u4 [147 kB]
#14 22.41 Get:105 http://deb.debian.org/debian-security bullseye-security/main amd64 gir1.2-gdkpixbuf-2.0 amd64 2.42.2+dfsg-1+deb11u4 [20.5 kB]
#14 22.53 Get:106 http://deb.debian.org/debian bullseye/main amd64 libcairo-gobject2 amd64 1.16.0-5 [125 kB]
#14 22.65 Get:107 http://deb.debian.org/debian bullseye/main amd64 librsvg2-2 amd64 2.50.3+dfsg-1+deb11u1 [2462 kB]
#14 23.31 Get:108 http://deb.debian.org/debian bullseye/main amd64 gir1.2-rsvg-2.0 amd64 2.50.3+dfsg-1+deb11u1 [30.2 kB]
#14 23.32 Get:109 http://deb.debian.org/debian bullseye/main amd64 liblzo2-2 amd64 2.10-2 [56.9 kB]
#14 23.36 Get:110 http://deb.debian.org/debian bullseye/main amd64 libcairo-script-interpreter2 amd64 1.16.0-5 [163 kB]
#14 23.43 Get:111 http://deb.debian.org/debian-security bullseye-security/main amd64 libexpat1-dev amd64 2.2.10-2+deb11u7 [143 kB]
#14 23.50 Get:112 http://deb.debian.org/debian bullseye/main amd64 uuid-dev amd64 2.36.1-8+deb11u2 [99.4 kB]
#14 23.51 Get:113 http://deb.debian.org/debian bullseye/main amd64 libdpkg-perl all 1.20.13 [1552 kB]
#14 23.79 Get:114 http://deb.debian.org/debian bullseye/main amd64 pkg-config amd64 0.29.2-1 [65.1 kB]
#14 23.86 Get:115 http://deb.debian.org/debian bullseye/main amd64 libfontconfig-dev amd64 2.13.1-4.2 [368 kB]
#14 23.95 Get:116 http://deb.debian.org/debian bullseye/main amd64 libfontconfig1-dev amd64 2.13.1-4.2 [238 kB]
#14 23.98 Get:117 http://deb.debian.org/debian bullseye/main amd64 xorg-sgml-doctools all 1:1.11-1.1 [22.1 kB]
#14 23.98 Get:118 http://deb.debian.org/debian bullseye/main amd64 x11proto-dev all 2020.1-1 [594 kB]
#14 24.10 Get:119 http://deb.debian.org/debian bullseye/main amd64 libxau-dev amd64 1:1.0.9-1 [22.9 kB]
#14 24.10 Get:120 http://deb.debian.org/debian bullseye/main amd64 libxdmcp-dev amd64 1:1.1.2-3 [42.2 kB]
#14 24.11 Get:121 http://deb.debian.org/debian bullseye/main amd64 xtrans-dev all 1.4.0-1 [98.7 kB]
#14 24.12 Get:122 http://deb.debian.org/debian bullseye/main amd64 libpthread-stubs0-dev amd64 0.4-1 [5344 B]
#14 24.12 Get:123 http://deb.debian.org/debian bullseye/main amd64 libxcb1-dev amd64 1.14-3 [176 kB]
#14 24.15 Get:124 http://deb.debian.org/debian bullseye/main amd64 libx11-dev amd64 2:1.7.2-1+deb11u2 [845 kB]
#14 24.35 Get:125 http://deb.debian.org/debian bullseye/main amd64 libxrender-dev amd64 1:0.9.10-1 [40.8 kB]
#14 24.35 Get:126 http://deb.debian.org/debian bullseye/main amd64 x11proto-xext-dev all 2020.1-1 [3404 B]
#14 24.40 Get:127 http://deb.debian.org/debian bullseye/main amd64 libxext-dev amd64 2:1.3.3-1.1 [107 kB]
#14 24.46 Get:128 http://deb.debian.org/debian bullseye/main amd64 x11-common all 1:7.7+22 [252 kB]
#14 24.54 Get:129 http://deb.debian.org/debian bullseye/main amd64 libice6 amd64 2:1.0.10-1 [58.5 kB]
#14 24.55 Get:130 http://deb.debian.org/debian bullseye/main amd64 libsm6 amd64 2:1.2.3-1 [35.1 kB]
#14 24.59 Get:131 http://deb.debian.org/debian bullseye/main amd64 libice-dev amd64 2:1.0.10-1 [67.1 kB]
#14 24.65 Get:132 http://deb.debian.org/debian bullseye/main amd64 libsm-dev amd64 2:1.2.3-1 [38.0 kB]
#14 24.65 Get:133 http://deb.debian.org/debian bullseye/main amd64 libpixman-1-dev amd64 0.40.0-1.1~deb11u1 [561 kB]
#14 24.79 Get:134 http://deb.debian.org/debian bullseye/main amd64 libxcb-render0-dev amd64 1.14-3 [114 kB]
#14 24.81 Get:135 http://deb.debian.org/debian bullseye/main amd64 libxcb-shm0-dev amd64 1.14-3 [102 kB]
#14 24.81 Get:136 http://deb.debian.org/debian bullseye/main amd64 libffi-dev amd64 3.3-6 [56.5 kB]
#14 24.82 Get:137 http://deb.debian.org/debian-security bullseye-security/main amd64 libglib2.0-data all 2.66.8-1+deb11u7 [1177 kB]
#14 25.10 Get:138 http://deb.debian.org/debian bullseye/main amd64 libelf1 amd64 0.183-1 [165 kB]
#14 25.20 Get:139 http://deb.debian.org/debian-security bullseye-security/main amd64 libglib2.0-bin amd64 2.66.8-1+deb11u7 [142 kB]
#14 25.28 Get:140 http://deb.debian.org/debian-security bullseye-security/main amd64 libpython3.9-minimal amd64 3.9.2-1+deb11u4 [806 kB]
#14 25.47 Get:141 http://deb.debian.org/debian-security bullseye-security/main amd64 python3.9-minimal amd64 3.9.2-1+deb11u4 [1963 kB]
#14 25.81 Get:142 http://deb.debian.org/debian bullseye/main amd64 python3-minimal amd64 3.9.2-3 [38.2 kB]
#14 25.81 Get:143 http://deb.debian.org/debian bullseye/main amd64 media-types all 4.0.0 [30.3 kB]
#14 25.85 Get:144 http://deb.debian.org/debian bullseye/main amd64 libmpdec3 amd64 2.5.1-1 [87.7 kB]
#14 25.86 Get:145 http://deb.debian.org/debian bullseye/main amd64 libncursesw6 amd64 6.2+20201114-2+deb11u2 [132 kB]
#14 25.87 Get:146 http://deb.debian.org/debian bullseye/main amd64 readline-common all 8.1-1 [73.7 kB]
#14 25.88 Get:147 http://deb.debian.org/debian bullseye/main amd64 libreadline8 amd64 8.1-1 [169 kB]
#14 25.95 Get:148 http://deb.debian.org/debian-security bullseye-security/main amd64 libsqlite3-0 amd64 3.34.1-3+deb11u1 [797 kB]
#14 26.09 Get:149 http://deb.debian.org/debian-security bullseye-security/main amd64 libpython3.9-stdlib amd64 3.9.2-1+deb11u4 [1683 kB]
#14 26.36 Get:150 http://deb.debian.org/debian-security bullseye-security/main amd64 python3.9 amd64 3.9.2-1+deb11u4 [468 kB]
#14 26.45 Get:151 http://deb.debian.org/debian bullseye/main amd64 libpython3-stdlib amd64 3.9.2-3 [21.4 kB]
#14 26.48 Get:152 http://deb.debian.org/debian bullseye/main amd64 python3 amd64 3.9.2-3 [37.9 kB]
#14 26.52 Get:153 http://deb.debian.org/debian bullseye/main amd64 python3-lib2to3 all 3.9.2-1 [77.8 kB]
#14 26.57 Get:154 http://deb.debian.org/debian bullseye/main amd64 python3-distutils all 3.9.2-1 [143 kB]
#14 26.63 Get:155 http://deb.debian.org/debian-security bullseye-security/main amd64 libglib2.0-dev-bin amd64 2.66.8-1+deb11u7 [181 kB]
#14 26.71 Get:156 http://deb.debian.org/debian bullseye/main amd64 libblkid-dev amd64 2.36.1-8+deb11u2 [225 kB]
#14 26.78 Get:157 http://deb.debian.org/debian-security bullseye-security/main amd64 libsepol1-dev amd64 3.1-1+deb11u1 [341 kB]
#14 26.86 Get:158 http://deb.debian.org/debian bullseye/main amd64 libpcre2-16-0 amd64 10.36-2+deb11u1 [232 kB]
#14 26.93 Get:159 http://deb.debian.org/debian bullseye/main amd64 libpcre2-32-0 amd64 10.36-2+deb11u1 [220 kB]
#14 27.00 Get:160 http://deb.debian.org/debian bullseye/main amd64 libpcre2-posix2 amd64 10.36-2+deb11u1 [49.1 kB]
#14 27.04 Get:161 http://deb.debian.org/debian bullseye/main amd64 libpcre2-dev amd64 10.36-2+deb11u1 [733 kB]
#14 27.19 Get:162 http://deb.debian.org/debian bullseye/main amd64 libselinux1-dev amd64 3.1-3 [168 kB]
#14 27.25 Get:163 http://deb.debian.org/debian bullseye/main amd64 libmount-dev amd64 2.36.1-8+deb11u2 [78.1 kB]
#14 27.29 Get:164 http://deb.debian.org/debian bullseye/main amd64 libpcre16-3 amd64 2:8.39-13 [259 kB]
#14 27.35 Get:165 http://deb.debian.org/debian bullseye/main amd64 libpcre32-3 amd64 2:8.39-13 [250 kB]
#14 ...

#15 [ai-service 3/7] RUN apt-get update && apt-get install -y     libgl1     libglib2.0-0     gcc     g++     && rm -rf /var/lib/apt/lists/*
#15 27.39 Get:55 http://deb.debian.org/debian trixie/main amd64 libsensors-config all 1:3.6.2-2 [16.2 kB]
#15 27.39 Get:56 http://deb.debian.org/debian trixie/main amd64 libsensors5 amd64 1:3.6.2-2 [37.5 kB]
#15 27.39 Get:57 http://deb.debian.org/debian trixie/main amd64 libxau6 amd64 1:1.0.11-1 [20.4 kB]
#15 27.41 Get:58 http://deb.debian.org/debian trixie/main amd64 libxdmcp6 amd64 1:1.1.5-1 [27.8 kB]
#15 27.42 Get:59 http://deb.debian.org/debian trixie/main amd64 libxcb1 amd64 1.17.0-2+b1 [144 kB]
#15 27.43 Get:60 http://deb.debian.org/debian trixie/main amd64 libx11-data all 2:1.8.12-1 [343 kB]
#15 27.50 Get:61 http://deb.debian.org/debian trixie/main amd64 libx11-6 amd64 2:1.8.12-1 [815 kB]
#15 27.62 Get:62 http://deb.debian.org/debian trixie/main amd64 libx11-xcb1 amd64 2:1.8.12-1 [247 kB]
#15 27.67 Get:63 http://deb.debian.org/debian trixie/main amd64 libxcb-dri3-0 amd64 1.17.0-2+b1 [107 kB]
#15 27.70 Get:64 http://deb.debian.org/debian trixie/main amd64 libxcb-present0 amd64 1.17.0-2+b1 [106 kB]
#15 27.73 Get:65 http://deb.debian.org/debian trixie/main amd64 libxcb-randr0 amd64 1.17.0-2+b1 [117 kB]
#15 27.75 Get:66 http://deb.debian.org/debian trixie/main amd64 libxcb-sync1 amd64 1.17.0-2+b1 [109 kB]
#15 27.78 Get:67 http://deb.debian.org/debian trixie/main amd64 libxcb-xfixes0 amd64 1.17.0-2+b1 [109 kB]
#15 27.79 Get:68 http://deb.debian.org/debian trixie/main amd64 libxshmfence1 amd64 1.3.3-1 [10.9 kB]
#15 27.79 Get:69 http://deb.debian.org/debian trixie/main amd64 mesa-libgallium amd64 25.0.7-2 [9629 kB]
#15 29.12 Get:70 http://deb.debian.org/debian trixie/main amd64 libgbm1 amd64 25.0.7-2 [44.4 kB]
#15 29.12 Get:71 http://deb.debian.org/debian trixie/main amd64 libglvnd0 amd64 1.7.0-1+b2 [52.0 kB]
#15 29.12 Get:72 http://deb.debian.org/debian trixie/main amd64 libxcb-glx0 amd64 1.17.0-2+b1 [122 kB]
#15 29.13 Get:73 http://deb.debian.org/debian trixie/main amd64 libxcb-shm0 amd64 1.17.0-2+b1 [105 kB]
#15 29.20 Get:74 http://deb.debian.org/debian trixie/main amd64 libxext6 amd64 2:1.3.4-1+b3 [50.4 kB]
#15 29.21 Get:75 http://deb.debian.org/debian trixie/main amd64 libxxf86vm1 amd64 1:1.1.4-1+b4 [19.3 kB]
#15 29.24 Get:76 http://deb.debian.org/debian trixie/main amd64 libvulkan1 amd64 1.4.309.0-1 [130 kB]
#15 29.31 Get:77 http://deb.debian.org/debian trixie/main amd64 libgl1-mesa-dri amd64 25.0.7-2 [46.1 kB]
#15 29.32 Get:78 http://deb.debian.org/debian trixie/main amd64 libglx-mesa0 amd64 25.0.7-2 [143 kB]
#15 29.39 Get:79 http://deb.debian.org/debian trixie/main amd64 libglx0 amd64 1.7.0-1+b2 [34.9 kB]
#15 29.43 Get:80 http://deb.debian.org/debian trixie/main amd64 libgl1 amd64 1.7.0-1+b2 [89.5 kB]
#15 29.47 Get:81 http://deb.debian.org/debian trixie/main amd64 libglib2.0-0t64 amd64 2.84.4-3~deb13u2 [1518 kB]
#15 29.72 Get:82 http://deb.debian.org/debian trixie/main amd64 libglib2.0-data all 2.84.4-3~deb13u2 [1286 kB]
#15 29.89 Get:83 http://deb.debian.org/debian trixie/main amd64 libwayland-client0 amd64 1.23.1-3 [26.8 kB]
#15 29.89 Get:84 http://deb.debian.org/debian trixie/main amd64 manpages-dev all 6.9.1-1 [2122 kB]
#15 30.18 Get:85 http://deb.debian.org/debian trixie/main amd64 mesa-vulkan-drivers amd64 25.0.7-2 [14.2 MB]
#15 33.05 Get:86 http://deb.debian.org/debian trixie/main amd64 shared-mime-info amd64 2.4-5+b2 [760 kB]
#15 33.31 Get:87 http://deb.debian.org/debian trixie/main amd64 xdg-user-dirs amd64 0.18-2 [53.2 kB]
#15 33.47 debconf: unable to initialize frontend: Dialog
#15 33.47 debconf: (TERM is not set, so the dialog frontend is not usable.)
#15 33.47 debconf: falling back to frontend: Readline
#15 33.48 debconf: unable to initialize frontend: Readline
#15 33.48 debconf: (Can't locate Term/ReadLine.pm in @INC (you may need to install the Term::ReadLine module) (@INC entries checked: /etc/perl /usr/local/lib/x86_64-linux-gnu/perl/5.40.1 /usr/local/share/perl/5.40.1 /usr/lib/x86_64-linux-gnu/perl5/5.40 /usr/share/perl5 /usr/lib/x86_64-linux-gnu/perl-base /usr/lib/x86_64-linux-gnu/perl/5.40 /usr/share/perl/5.40 /usr/local/lib/site_perl) at /usr/share/perl5/Debconf/FrontEnd/Readline.pm line 8, <STDIN> line 87.)
#15 33.48 debconf: falling back to frontend: Teletype
#15 33.48 debconf: unable to initialize frontend: Teletype
#15 33.48 debconf: (This frontend requires a controlling tty.)
#15 33.48 debconf: falling back to frontend: Noninteractive
#15 35.19 Fetched 141 MB in 29s (4830 kB/s)
#15 35.21 Selecting previously unselected package libexpat1:amd64.
#15 35.21 (Reading database ... 
(Reading database ... 5%
(Reading database ... 10%
(Reading database ... 15%
(Reading database ... 20%
(Reading database ... 25%
(Reading database ... 30%
(Reading database ... 35%
(Reading database ... 40%
(Reading database ... 45%
(Reading database ... 50%
(Reading database ... 55%
(Reading database ... 60%
(Reading database ... 65%
(Reading database ... 70%
(Reading database ... 75%
(Reading database ... 80%
(Reading database ... 85%
(Reading database ... 90%
(Reading database ... 95%
(Reading database ... 100%
(Reading database ... 5645 files and directories currently installed.)
#15 35.22 Preparing to unpack .../00-libexpat1_2.7.1-2_amd64.deb ...
#15 35.22 Unpacking libexpat1:amd64 (2.7.1-2) ...
#15 35.25 Selecting previously unselected package manpages.
#15 35.25 Preparing to unpack .../01-manpages_6.9.1-1_all.deb ...
#15 35.26 Unpacking manpages (6.9.1-1) ...
#15 35.31 Selecting previously unselected package libsframe1:amd64.
#15 35.32 Preparing to unpack .../02-libsframe1_2.44-3_amd64.deb ...
#15 35.32 Unpacking libsframe1:amd64 (2.44-3) ...
#15 35.35 Selecting previously unselected package binutils-common:amd64.
#15 35.35 Preparing to unpack .../03-binutils-common_2.44-3_amd64.deb ...
#15 35.35 Unpacking binutils-common:amd64 (2.44-3) ...
#15 35.50 Selecting previously unselected package libbinutils:amd64.
#15 35.50 Preparing to unpack .../04-libbinutils_2.44-3_amd64.deb ...
#15 35.50 Unpacking libbinutils:amd64 (2.44-3) ...
#15 35.56 Selecting previously unselected package libgprofng0:amd64.
#15 35.56 Preparing to unpack .../05-libgprofng0_2.44-3_amd64.deb ...
#15 35.56 Unpacking libgprofng0:amd64 (2.44-3) ...
#15 35.62 Selecting previously unselected package libctf-nobfd0:amd64.
#15 35.62 Preparing to unpack .../06-libctf-nobfd0_2.44-3_amd64.deb ...
#15 35.62 Unpacking libctf-nobfd0:amd64 (2.44-3) ...
#15 35.66 Selecting previously unselected package libctf0:amd64.
#15 35.66 Preparing to unpack .../07-libctf0_2.44-3_amd64.deb ...
#15 35.66 Unpacking libctf0:amd64 (2.44-3) ...
#15 35.70 Selecting previously unselected package libjansson4:amd64.
#15 35.70 Preparing to unpack .../08-libjansson4_2.14-2+b3_amd64.deb ...
#15 35.70 Unpacking libjansson4:amd64 (2.14-2+b3) ...
#15 35.73 Selecting previously unselected package binutils-x86-64-linux-gnu.
#15 35.73 Preparing to unpack .../09-binutils-x86-64-linux-gnu_2.44-3_amd64.deb ...
#15 35.73 Unpacking binutils-x86-64-linux-gnu (2.44-3) ...
#15 35.82 Selecting previously unselected package binutils.
#15 35.82 Preparing to unpack .../10-binutils_2.44-3_amd64.deb ...
#15 35.83 Unpacking binutils (2.44-3) ...
#15 35.87 Selecting previously unselected package libisl23:amd64.
#15 35.87 Preparing to unpack .../11-libisl23_0.27-1_amd64.deb ...
#15 35.87 Unpacking libisl23:amd64 (0.27-1) ...
#15 35.95 Selecting previously unselected package libmpfr6:amd64.
#15 35.95 Preparing to unpack .../12-libmpfr6_4.2.2-1_amd64.deb ...
#15 35.96 Unpacking libmpfr6:amd64 (4.2.2-1) ...
#15 36.01 Selecting previously unselected package libmpc3:amd64.
#15 36.01 Preparing to unpack .../13-libmpc3_1.3.1-1+b3_amd64.deb ...
#15 36.01 Unpacking libmpc3:amd64 (1.3.1-1+b3) ...
#15 36.04 Selecting previously unselected package cpp-14-x86-64-linux-gnu.
#15 36.04 Preparing to unpack .../14-cpp-14-x86-64-linux-gnu_14.2.0-19_amd64.deb ...
#15 36.04 Unpacking cpp-14-x86-64-linux-gnu (14.2.0-19) ...
#15 36.50 Selecting previously unselected package cpp-14.
#15 36.50 Preparing to unpack .../15-cpp-14_14.2.0-19_amd64.deb ...
#15 36.51 Unpacking cpp-14 (14.2.0-19) ...
#15 36.53 Selecting previously unselected package cpp-x86-64-linux-gnu.
#15 36.53 Preparing to unpack .../16-cpp-x86-64-linux-gnu_4%3a14.2.0-1_amd64.deb ...
#15 36.53 Unpacking cpp-x86-64-linux-gnu (4:14.2.0-1) ...
#15 36.56 Selecting previously unselected package cpp.
#15 36.57 Preparing to unpack .../17-cpp_4%3a14.2.0-1_amd64.deb ...
#15 36.57 Unpacking cpp (4:14.2.0-1) ...
#15 36.60 Selecting previously unselected package libcc1-0:amd64.
#15 36.60 Preparing to unpack .../18-libcc1-0_14.2.0-19_amd64.deb ...
#15 36.60 Unpacking libcc1-0:amd64 (14.2.0-19) ...
#15 36.64 Selecting previously unselected package libgomp1:amd64.
#15 36.64 Preparing to unpack .../19-libgomp1_14.2.0-19_amd64.deb ...
#15 36.64 Unpacking libgomp1:amd64 (14.2.0-19) ...
#15 36.67 Selecting previously unselected package libitm1:amd64.
#15 36.68 Preparing to unpack .../20-libitm1_14.2.0-19_amd64.deb ...
#15 36.68 Unpacking libitm1:amd64 (14.2.0-19) ...
#15 36.71 Selecting previously unselected package libatomic1:amd64.
#15 36.71 Preparing to unpack .../21-libatomic1_14.2.0-19_amd64.deb ...
#15 36.71 Unpacking libatomic1:amd64 (14.2.0-19) ...
#15 36.75 Selecting previously unselected package libasan8:amd64.
#15 36.75 Preparing to unpack .../22-libasan8_14.2.0-19_amd64.deb ...
#15 36.75 Unpacking libasan8:amd64 (14.2.0-19) ...
#15 36.90 Selecting previously unselected package liblsan0:amd64.
#15 36.90 Preparing to unpack .../23-liblsan0_14.2.0-19_amd64.deb ...
#15 36.90 Unpacking liblsan0:amd64 (14.2.0-19) ...
#15 36.98 Selecting previously unselected package libtsan2:amd64.
#15 36.98 Preparing to unpack .../24-libtsan2_14.2.0-19_amd64.deb ...
#15 36.99 Unpacking libtsan2:amd64 (14.2.0-19) ...
#15 37.12 Selecting previously unselected package libubsan1:amd64.
#15 37.12 Preparing to unpack .../25-libubsan1_14.2.0-19_amd64.deb ...
#15 37.13 Unpacking libubsan1:amd64 (14.2.0-19) ...
#15 37.21 Selecting previously unselected package libhwasan0:amd64.
#15 37.21 Preparing to unpack .../26-libhwasan0_14.2.0-19_amd64.deb ...
#15 37.21 Unpacking libhwasan0:amd64 (14.2.0-19) ...
#15 37.30 Selecting previously unselected package libquadmath0:amd64.
#15 37.30 Preparing to unpack .../27-libquadmath0_14.2.0-19_amd64.deb ...
#15 37.30 Unpacking libquadmath0:amd64 (14.2.0-19) ...
#15 37.34 Selecting previously unselected package libgcc-14-dev:amd64.
#15 37.34 Preparing to unpack .../28-libgcc-14-dev_14.2.0-19_amd64.deb ...
#15 37.34 Unpacking libgcc-14-dev:amd64 (14.2.0-19) ...
#15 ...

#14 [api builder  3/10] RUN apt-get update &&     apt-get install -y --no-install-recommends build-essential python3 make g++ libvips-dev &&     rm -rf /var/lib/apt/lists/*
#14 27.44 Get:166 http://deb.debian.org/debian bullseye/main amd64 libpcrecpp0v5 amd64 2:8.39-13 [152 kB]
#14 27.48 Get:167 http://deb.debian.org/debian bullseye/main amd64 libpcre3-dev amd64 2:8.39-13 [650 kB]
#14 27.67 Get:168 http://deb.debian.org/debian-security bullseye-security/main amd64 libglib2.0-dev amd64 2.66.8-1+deb11u7 [1583 kB]
#14 28.20 Get:169 http://deb.debian.org/debian bullseye/main amd64 libcairo2-dev amd64 1.16.0-5 [739 kB]
#14 28.49 Get:170 http://deb.debian.org/debian-security bullseye-security/main amd64 libgdk-pixbuf2.0-bin amd64 2.42.2+dfsg-1+deb11u4 [26.2 kB]
#14 28.59 Get:171 http://deb.debian.org/debian-security bullseye-security/main amd64 libgdk-pixbuf-2.0-dev amd64 2.42.2+dfsg-1+deb11u4 [57.5 kB]
#14 28.69 Get:172 http://deb.debian.org/debian bullseye/main amd64 librsvg2-common amd64 2.50.3+dfsg-1+deb11u1 [31.2 kB]
#14 28.80 Get:173 http://deb.debian.org/debian bullseye/main amd64 librsvg2-dev amd64 2.50.3+dfsg-1+deb11u1 [58.7 kB]
#14 28.90 Get:174 http://deb.debian.org/debian bullseye/main amd64 libjbig-dev amd64 2.1-3.1+b2 [30.5 kB]
#14 29.00 Get:175 http://deb.debian.org/debian bullseye/main amd64 liblzma-dev amd64 5.2.5-2.1~deb11u1 [229 kB]
#14 29.14 Get:176 http://deb.debian.org/debian-security bullseye-security/main amd64 libtiffxx5 amd64 4.2.0-1+deb11u7 [129 kB]
#14 29.21 Get:177 http://deb.debian.org/debian bullseye/main amd64 libdeflate-dev amd64 1.7-1 [46.9 kB]
#14 29.25 Get:178 http://deb.debian.org/debian-security bullseye-security/main amd64 libtiff-dev amd64 4.2.0-1+deb11u7 [417 kB]
#14 29.36 Get:179 http://deb.debian.org/debian bullseye/main amd64 libwmf-dev amd64 0.2.8.4-17 [190 kB]
#14 29.40 Get:180 http://deb.debian.org/debian-security bullseye-security/main amd64 icu-devtools amd64 67.1-7+deb11u1 [201 kB]
#14 29.44 Get:181 http://deb.debian.org/debian-security bullseye-security/main amd64 libicu-dev amd64 67.1-7+deb11u1 [9590 kB]
#14 34.26 Get:182 http://deb.debian.org/debian-security bullseye-security/main amd64 libxml2-dev amd64 2.9.10+dfsg-6.7+deb11u9 [791 kB]
#14 34.44 Get:183 http://deb.debian.org/debian bullseye/main amd64 libxt6 amd64 1:1.2.0-1 [189 kB]
#14 34.49 Get:184 http://deb.debian.org/debian bullseye/main amd64 libxt-dev amd64 1:1.2.0-1 [407 kB]
#14 34.58 Get:185 http://deb.debian.org/debian-security bullseye-security/main amd64 libmagickcore-6.q16-dev amd64 8:6.9.11.60+dfsg-1.3+deb11u8 [1153 kB]
#14 34.74 Get:186 http://deb.debian.org/debian-security bullseye-security/main amd64 libmagickcore-dev all 8:6.9.11.60+dfsg-1.3+deb11u8 [1340 B]
#14 34.74 Get:187 http://deb.debian.org/debian-security bullseye-security/main amd64 libmagickwand-6-headers all 8:6.9.11.60+dfsg-1.3+deb11u8 [10.5 kB]
#14 34.75 Get:188 http://deb.debian.org/debian-security bullseye-security/main amd64 libmagickwand-6.q16-dev amd64 8:6.9.11.60+dfsg-1.3+deb11u8 [454 kB]
#14 34.82 Get:189 http://deb.debian.org/debian-security bullseye-security/main amd64 libmagickwand-dev all 8:6.9.11.60+dfsg-1.3+deb11u8 [1324 B]
#14 34.82 Get:190 http://deb.debian.org/debian bullseye/main amd64 bzip2 amd64 1.0.8-4 [49.3 kB]
#14 34.83 Get:191 http://deb.debian.org/debian bullseye/main amd64 gettext-base amd64 0.21-4 [175 kB]
#14 34.86 Get:192 http://deb.debian.org/debian bullseye/main amd64 xz-utils amd64 5.2.5-2.1~deb11u1 [220 kB]
#14 34.90 Get:193 http://deb.debian.org/debian bullseye/main amd64 binutils-common amd64 2.35.2-2 [2220 kB]
#14 35.26 Get:194 http://deb.debian.org/debian bullseye/main amd64 libbinutils amd64 2.35.2-2 [570 kB]
#14 35.35 Get:195 http://deb.debian.org/debian bullseye/main amd64 libctf-nobfd0 amd64 2.35.2-2 [110 kB]
#14 35.36 Get:196 http://deb.debian.org/debian bullseye/main amd64 libctf0 amd64 2.35.2-2 [53.2 kB]
#14 35.37 Get:197 http://deb.debian.org/debian bullseye/main amd64 binutils-x86-64-linux-gnu amd64 2.35.2-2 [1809 kB]
#14 35.59 Get:198 http://deb.debian.org/debian bullseye/main amd64 binutils amd64 2.35.2-2 [61.2 kB]
#14 35.61 Get:199 http://deb.debian.org/debian bullseye/main amd64 libisl23 amd64 0.23-1 [676 kB]
#14 35.70 Get:200 http://deb.debian.org/debian bullseye/main amd64 libmpfr6 amd64 4.1.0-3 [2012 kB]
#14 35.91 Get:201 http://deb.debian.org/debian bullseye/main amd64 libmpc3 amd64 1.2.0-1 [45.0 kB]
#14 35.94 Get:202 http://deb.debian.org/debian bullseye/main amd64 cpp-10 amd64 10.2.1-6 [8528 kB]
#14 36.75 Get:203 http://deb.debian.org/debian bullseye/main amd64 cpp amd64 4:10.2.1-1 [19.7 kB]
#14 36.75 Get:204 http://deb.debian.org/debian bullseye/main amd64 libcc1-0 amd64 10.2.1-6 [47.0 kB]
#14 36.75 Get:205 http://deb.debian.org/debian bullseye/main amd64 libitm1 amd64 10.2.1-6 [25.8 kB]
#14 36.76 Get:206 http://deb.debian.org/debian bullseye/main amd64 libatomic1 amd64 10.2.1-6 [9008 B]
#14 36.76 Get:207 http://deb.debian.org/debian bullseye/main amd64 libasan6 amd64 10.2.1-6 [2065 kB]
#14 36.97 Get:208 http://deb.debian.org/debian bullseye/main amd64 liblsan0 amd64 10.2.1-6 [828 kB]
#14 37.24 Get:209 http://deb.debian.org/debian bullseye/main amd64 libtsan0 amd64 10.2.1-6 [2000 kB]
#14 37.44 Get:210 http://deb.debian.org/debian bullseye/main amd64 libubsan1 amd64 10.2.1-6 [777 kB]
#14 37.53 Get:211 http://deb.debian.org/debian bullseye/main amd64 libquadmath0 amd64 10.2.1-6 [145 kB]
#14 37.57 Get:212 http://deb.debian.org/debian bullseye/main amd64 libgcc-10-dev amd64 10.2.1-6 [2328 kB]
#14 ...

#15 [ai-service 3/7] RUN apt-get update && apt-get install -y     libgl1     libglib2.0-0     gcc     g++     && rm -rf /var/lib/apt/lists/*
#15 37.48 Selecting previously unselected package gcc-14-x86-64-linux-gnu.
#15 37.48 Preparing to unpack .../29-gcc-14-x86-64-linux-gnu_14.2.0-19_amd64.deb ...
#15 37.48 Unpacking gcc-14-x86-64-linux-gnu (14.2.0-19) ...
#15 38.01 Selecting previously unselected package gcc-14.
#15 38.01 Preparing to unpack .../30-gcc-14_14.2.0-19_amd64.deb ...
#15 38.01 Unpacking gcc-14 (14.2.0-19) ...
#15 38.04 Selecting previously unselected package gcc-x86-64-linux-gnu.
#15 38.04 Preparing to unpack .../31-gcc-x86-64-linux-gnu_4%3a14.2.0-1_amd64.deb ...
#15 38.05 Unpacking gcc-x86-64-linux-gnu (4:14.2.0-1) ...
#15 38.08 Selecting previously unselected package gcc.
#15 38.08 Preparing to unpack .../32-gcc_4%3a14.2.0-1_amd64.deb ...
#15 38.08 Unpacking gcc (4:14.2.0-1) ...
#15 38.11 Selecting previously unselected package libc-dev-bin.
#15 38.11 Preparing to unpack .../33-libc-dev-bin_2.41-12+deb13u1_amd64.deb ...
#15 38.11 Unpacking libc-dev-bin (2.41-12+deb13u1) ...
#15 38.14 Selecting previously unselected package linux-libc-dev.
#15 38.14 Preparing to unpack .../34-linux-libc-dev_6.12.63-1_all.deb ...
#15 38.14 Unpacking linux-libc-dev (6.12.63-1) ...
#15 38.39 Selecting previously unselected package libcrypt-dev:amd64.
#15 38.39 Preparing to unpack .../35-libcrypt-dev_1%3a4.4.38-1_amd64.deb ...
#15 38.40 Unpacking libcrypt-dev:amd64 (1:4.4.38-1) ...
#15 38.43 Selecting previously unselected package rpcsvc-proto.
#15 38.43 Preparing to unpack .../36-rpcsvc-proto_1.4.3-1_amd64.deb ...
#15 38.43 Unpacking rpcsvc-proto (1.4.3-1) ...
#15 38.46 Selecting previously unselected package libc6-dev:amd64.
#15 38.46 Preparing to unpack .../37-libc6-dev_2.41-12+deb13u1_amd64.deb ...
#15 38.46 Unpacking libc6-dev:amd64 (2.41-12+deb13u1) ...
#15 38.58 Selecting previously unselected package libstdc++-14-dev:amd64.
#15 38.58 Preparing to unpack .../38-libstdc++-14-dev_14.2.0-19_amd64.deb ...
#15 38.59 Unpacking libstdc++-14-dev:amd64 (14.2.0-19) ...
#15 38.76 Selecting previously unselected package g++-14-x86-64-linux-gnu.
#15 38.76 Preparing to unpack .../39-g++-14-x86-64-linux-gnu_14.2.0-19_amd64.deb ...
#15 38.77 Unpacking g++-14-x86-64-linux-gnu (14.2.0-19) ...
#15 39.19 Selecting previously unselected package g++-14.
#15 39.19 Preparing to unpack .../40-g++-14_14.2.0-19_amd64.deb ...
#15 39.19 Unpacking g++-14 (14.2.0-19) ...
#15 39.22 Selecting previously unselected package g++-x86-64-linux-gnu.
#15 39.22 Preparing to unpack .../41-g++-x86-64-linux-gnu_4%3a14.2.0-1_amd64.deb ...
#15 39.23 Unpacking g++-x86-64-linux-gnu (4:14.2.0-1) ...
#15 39.26 Selecting previously unselected package g++.
#15 39.26 Preparing to unpack .../42-g++_4%3a14.2.0-1_amd64.deb ...
#15 39.26 Unpacking g++ (4:14.2.0-1) ...
#15 39.29 Selecting previously unselected package libdrm-common.
#15 39.29 Preparing to unpack .../43-libdrm-common_2.4.124-2_all.deb ...
#15 39.29 Unpacking libdrm-common (2.4.124-2) ...
#15 39.32 Selecting previously unselected package libdrm2:amd64.
#15 39.32 Preparing to unpack .../44-libdrm2_2.4.124-2_amd64.deb ...
#15 39.32 Unpacking libdrm2:amd64 (2.4.124-2) ...
#15 39.35 Selecting previously unselected package libdrm-amdgpu1:amd64.
#15 39.35 Preparing to unpack .../45-libdrm-amdgpu1_2.4.124-2_amd64.deb ...
#15 39.36 Unpacking libdrm-amdgpu1:amd64 (2.4.124-2) ...
#15 39.39 Selecting previously unselected package libpciaccess0:amd64.
#15 39.39 Preparing to unpack .../46-libpciaccess0_0.17-3+b3_amd64.deb ...
#15 39.39 Unpacking libpciaccess0:amd64 (0.17-3+b3) ...
#15 39.42 Selecting previously unselected package libdrm-intel1:amd64.
#15 39.42 Preparing to unpack .../47-libdrm-intel1_2.4.124-2_amd64.deb ...
#15 39.42 Unpacking libdrm-intel1:amd64 (2.4.124-2) ...
#15 39.46 Selecting previously unselected package libedit2:amd64.
#15 39.46 Preparing to unpack .../48-libedit2_3.1-20250104-1_amd64.deb ...
#15 39.47 Unpacking libedit2:amd64 (3.1-20250104-1) ...
#15 39.50 Selecting previously unselected package libelf1t64:amd64.
#15 39.51 Preparing to unpack .../49-libelf1t64_0.192-4_amd64.deb ...
#15 39.51 Unpacking libelf1t64:amd64 (0.192-4) ...
#15 39.55 Selecting previously unselected package libwayland-server0:amd64.
#15 39.55 Preparing to unpack .../50-libwayland-server0_1.23.1-3_amd64.deb ...
#15 39.56 Unpacking libwayland-server0:amd64 (1.23.1-3) ...
#15 39.59 Selecting previously unselected package libxml2:amd64.
#15 39.59 Preparing to unpack .../51-libxml2_2.12.7+dfsg+really2.9.14-2.1+deb13u2_amd64.deb ...
#15 39.59 Unpacking libxml2:amd64 (2.12.7+dfsg+really2.9.14-2.1+deb13u2) ...
#15 39.65 Selecting previously unselected package libz3-4:amd64.
#15 39.65 Preparing to unpack .../52-libz3-4_4.13.3-1_amd64.deb ...
#15 39.65 Unpacking libz3-4:amd64 (4.13.3-1) ...
#15 40.03 Selecting previously unselected package libllvm19:amd64.
#15 40.03 Preparing to unpack .../53-libllvm19_1%3a19.1.7-3+b1_amd64.deb ...
#15 40.04 Unpacking libllvm19:amd64 (1:19.1.7-3+b1) ...
#15 40.65 Selecting previously unselected package libsensors-config.
#15 40.66 Preparing to unpack .../54-libsensors-config_1%3a3.6.2-2_all.deb ...
#15 40.66 Unpacking libsensors-config (1:3.6.2-2) ...
#15 40.69 Selecting previously unselected package libsensors5:amd64.
#15 40.69 Preparing to unpack .../55-libsensors5_1%3a3.6.2-2_amd64.deb ...
#15 40.69 Unpacking libsensors5:amd64 (1:3.6.2-2) ...
#15 40.72 Selecting previously unselected package libxau6:amd64.
#15 40.72 Preparing to unpack .../56-libxau6_1%3a1.0.11-1_amd64.deb ...
#15 40.73 Unpacking libxau6:amd64 (1:1.0.11-1) ...
#15 40.76 Selecting previously unselected package libxdmcp6:amd64.
#15 40.76 Preparing to unpack .../57-libxdmcp6_1%3a1.1.5-1_amd64.deb ...
#15 40.77 Unpacking libxdmcp6:amd64 (1:1.1.5-1) ...
#15 40.80 Selecting previously unselected package libxcb1:amd64.
#15 40.80 Preparing to unpack .../58-libxcb1_1.17.0-2+b1_amd64.deb ...
#15 40.81 Unpacking libxcb1:amd64 (1.17.0-2+b1) ...
#15 40.83 Selecting previously unselected package libx11-data.
#15 40.83 Preparing to unpack .../59-libx11-data_2%3a1.8.12-1_all.deb ...
#15 40.84 Unpacking libx11-data (2:1.8.12-1) ...
#15 40.90 Selecting previously unselected package libx11-6:amd64.
#15 40.90 Preparing to unpack .../60-libx11-6_2%3a1.8.12-1_amd64.deb ...
#15 40.90 Unpacking libx11-6:amd64 (2:1.8.12-1) ...
#15 40.97 Selecting previously unselected package libx11-xcb1:amd64.
#15 40.97 Preparing to unpack .../61-libx11-xcb1_2%3a1.8.12-1_amd64.deb ...
#15 40.97 Unpacking libx11-xcb1:amd64 (2:1.8.12-1) ...
#15 41.01 Selecting previously unselected package libxcb-dri3-0:amd64.
#15 41.01 Preparing to unpack .../62-libxcb-dri3-0_1.17.0-2+b1_amd64.deb ...
#15 41.02 Unpacking libxcb-dri3-0:amd64 (1.17.0-2+b1) ...
#15 41.05 Selecting previously unselected package libxcb-present0:amd64.
#15 41.05 Preparing to unpack .../63-libxcb-present0_1.17.0-2+b1_amd64.deb ...
#15 41.05 Unpacking libxcb-present0:amd64 (1.17.0-2+b1) ...
#15 41.09 Selecting previously unselected package libxcb-randr0:amd64.
#15 41.09 Preparing to unpack .../64-libxcb-randr0_1.17.0-2+b1_amd64.deb ...
#15 41.09 Unpacking libxcb-randr0:amd64 (1.17.0-2+b1) ...
#15 41.13 Selecting previously unselected package libxcb-sync1:amd64.
#15 41.13 Preparing to unpack .../65-libxcb-sync1_1.17.0-2+b1_amd64.deb ...
#15 41.14 Unpacking libxcb-sync1:amd64 (1.17.0-2+b1) ...
#15 41.18 Selecting previously unselected package libxcb-xfixes0:amd64.
#15 41.18 Preparing to unpack .../66-libxcb-xfixes0_1.17.0-2+b1_amd64.deb ...
#15 41.19 Unpacking libxcb-xfixes0:amd64 (1.17.0-2+b1) ...
#15 41.23 Selecting previously unselected package libxshmfence1:amd64.
#15 41.23 Preparing to unpack .../67-libxshmfence1_1.3.3-1_amd64.deb ...
#15 41.23 Unpacking libxshmfence1:amd64 (1.3.3-1) ...
#15 41.27 Selecting previously unselected package mesa-libgallium:amd64.
#15 41.27 Preparing to unpack .../68-mesa-libgallium_25.0.7-2_amd64.deb ...
#15 41.27 Unpacking mesa-libgallium:amd64 (25.0.7-2) ...
#15 41.68 Selecting previously unselected package libgbm1:amd64.
#15 41.69 Preparing to unpack .../69-libgbm1_25.0.7-2_amd64.deb ...
#15 41.69 Unpacking libgbm1:amd64 (25.0.7-2) ...
#15 41.73 Selecting previously unselected package libglvnd0:amd64.
#15 41.74 Preparing to unpack .../70-libglvnd0_1.7.0-1+b2_amd64.deb ...
#15 41.74 Unpacking libglvnd0:amd64 (1.7.0-1+b2) ...
#15 41.78 Selecting previously unselected package libxcb-glx0:amd64.
#15 41.78 Preparing to unpack .../71-libxcb-glx0_1.17.0-2+b1_amd64.deb ...
#15 41.78 Unpacking libxcb-glx0:amd64 (1.17.0-2+b1) ...
#15 41.81 Selecting previously unselected package libxcb-shm0:amd64.
#15 41.81 Preparing to unpack .../72-libxcb-shm0_1.17.0-2+b1_amd64.deb ...
#15 41.82 Unpacking libxcb-shm0:amd64 (1.17.0-2+b1) ...
#15 41.86 Selecting previously unselected package libxext6:amd64.
#15 41.86 Preparing to unpack .../73-libxext6_2%3a1.3.4-1+b3_amd64.deb ...
#15 41.87 Unpacking libxext6:amd64 (2:1.3.4-1+b3) ...
#15 41.90 Selecting previously unselected package libxxf86vm1:amd64.
#15 41.90 Preparing to unpack .../74-libxxf86vm1_1%3a1.1.4-1+b4_amd64.deb ...
#15 41.91 Unpacking libxxf86vm1:amd64 (1:1.1.4-1+b4) ...
#15 41.94 Selecting previously unselected package libvulkan1:amd64.
#15 41.94 Preparing to unpack .../75-libvulkan1_1.4.309.0-1_amd64.deb ...
#15 41.95 Unpacking libvulkan1:amd64 (1.4.309.0-1) ...
#15 41.99 Selecting previously unselected package libgl1-mesa-dri:amd64.
#15 41.99 Preparing to unpack .../76-libgl1-mesa-dri_25.0.7-2_amd64.deb ...
#15 42.00 Unpacking libgl1-mesa-dri:amd64 (25.0.7-2) ...
#15 42.03 Selecting previously unselected package libglx-mesa0:amd64.
#15 42.03 Preparing to unpack .../77-libglx-mesa0_25.0.7-2_amd64.deb ...
#15 42.03 Unpacking libglx-mesa0:amd64 (25.0.7-2) ...
#15 42.07 Selecting previously unselected package libglx0:amd64.
#15 42.07 Preparing to unpack .../78-libglx0_1.7.0-1+b2_amd64.deb ...
#15 42.07 Unpacking libglx0:amd64 (1.7.0-1+b2) ...
#15 42.11 Selecting previously unselected package libgl1:amd64.
#15 42.11 Preparing to unpack .../79-libgl1_1.7.0-1+b2_amd64.deb ...
#15 42.12 Unpacking libgl1:amd64 (1.7.0-1+b2) ...
#15 42.16 Selecting previously unselected package libglib2.0-0t64:amd64.
#15 42.16 Preparing to unpack .../80-libglib2.0-0t64_2.84.4-3~deb13u2_amd64.deb ...
#15 42.18 Unpacking libglib2.0-0t64:amd64 (2.84.4-3~deb13u2) ...
